// Jest Snapshot v1, https://goo.gl/fbAQLP

exports[`Snapshot for Column component 1`] = `"childOne"`;
